<html>
<body>
<pre>
<h1>礦ision Build Log</h1>
<h2>Tool Versions:</h2>
IDE-Version: μVision V5.24.2.0
Copyright (C) 2017 ARM Ltd and ARM Germany GmbH. All rights reserved.
License Information: A cvy6464@outlook.com, A, LIC=IK1BF-67I04-743S0-BEHHB-JTC55-EW3T4
 
Tool Versions:
Toolchain:       MDK-ARM Plus  Version: 5.24.1
Toolchain Path:  D:\AppGallery\Downloads\keil5\ARM\ARMCC\Bin
C Compiler:      Armcc.exe V5.06 update 5 (build 528)
Assembler:       Armasm.exe V5.06 update 5 (build 528)
Linker/Locator:  ArmLink.exe V5.06 update 5 (build 528)
Library Manager: ArmAr.exe V5.06 update 5 (build 528)
Hex Converter:   FromElf.exe V5.06 update 5 (build 528)
CPU DLL:         SARMCM3.DLL V5.24.1
Dialog DLL:      DARMSTM.DLL V1.68.0.0
Target DLL:      CMSIS_AGDI.dll V1.28.3.0
Dialog DLL:      TARMSTM.DLL V1.66.0.0
 
<h2>Project:</h2>
D:\HuaweiMoveData\Users\cvy64\Desktop\路口哨兵代码\双机模式\USER\USART.uvprojx
Project File Date:  05/16/2025

<h2>Output:</h2>
*** Using Compiler 'V5.06 update 5 (build 528)', folder: 'D:\AppGallery\Downloads\keil5\ARM\ARMCC\Bin'
Rebuild target 'USART'
compiling main.c...
compiling misc.c...
compiling time.c...
compiling stm32f10x_it.c...
compiling led.c...
assembling startup_stm32f10x_hd.s...
compiling system_stm32f10x.c...
compiling core_cm3.c...
compiling usart.c...
compiling delay.c...
compiling key.c...
compiling stm32f10x_gpio.c...
compiling stm32f10x_rcc.c...
compiling sys.c...
compiling stm32f10x_usart.c...
compiling stm32f10x_tim.c...
linking...
Program Size: Code=7556 RO-data=336 RW-data=1112 ZI-data=2504  
FromELF: creating hex file...
"..\OBJ\USART.axf" - 0 Error(s), 0 Warning(s).

<h2>Software Packages used:</h2>

Package Vendor: Keil
                http://www.keil.com/pack/Keil.STM32F1xx_DFP.2.2.0.pack
                Keil.STM32F1xx_DFP.2.2.0
                STMicroelectronics STM32F1 Series Device Support, Drivers and Examples

<h2>Collection of Component include folders:</h2>
  .\RTE\_USART
  D:\AppGallery\Downloads\keil5\ARM\PACK\Keil\STM32F1xx_DFP\2.2.0\Device\Include

<h2>Collection of Component Files used:</h2>
Build Time Elapsed:  00:00:04
</pre>
</body>
</html>
